// Jest Snapshot v1, https://goo.gl/fbAQLP

exports[`matches snapshot 1`] = `
Array [
  <h1>
     Brisbane's Chocolate Factory
  </h1>,
  <div>
    Allowed amounts: 10c, 20c, 50c, $1, $2
  </div>,
  <div
    className="sc-hKwDye fRBLEc"
  >
    <div
      className="sc-jRQBWg euDwfV"
    >
      <div
        className="sc-gsDKAQ buhTwb"
      >
        <div
          className="sc-bdvvtL bbdKiI"
        >
          <div>
            Caramel
          </div>
          <img
            alt="Caramel"
            src="https://www.tasteofhome.com/wp-content/uploads/2018/01/Gooey-Chocolate-Caramel-Bars_EXPS_CMZ18_10572_D10_26_5b-1.jpg?fit=200,200"
          />
          <div>
            Stock: 
            3
          </div>
          <div>
            $3.10
          </div>
          <button
            data-testid="1"
            disabled={true}
            id="1"
            onClick={[Function]}
          >
            Buy
          </button>
        </div>
      </div>
      <div
        className="sc-gsDKAQ buhTwb"
      >
        <div
          className="sc-bdvvtL bbdKiI"
        >
          <div>
            Hazelnut
          </div>
          <img
            alt="Hazelnut"
            src="https://www.tasteofhome.com/wp-content/uploads/2018/01/Gooey-Chocolate-Caramel-Bars_EXPS_CMZ18_10572_D10_26_5b-1.jpg?fit=200,200"
          />
          <div>
            Stock: 
            3
          </div>
          <div>
            $2.50
          </div>
          <button
            data-testid="2"
            disabled={true}
            id="2"
            onClick={[Function]}
          >
            Buy
          </button>
        </div>
      </div>
      <div
        className="sc-gsDKAQ buhTwb"
      >
        <div
          className="sc-bdvvtL bbdKiI"
        >
          <div>
            Organic Raw
          </div>
          <img
            alt="Organic Raw"
            src="https://www.tasteofhome.com/wp-content/uploads/2018/01/Gooey-Chocolate-Caramel-Bars_EXPS_CMZ18_10572_D10_26_5b-1.jpg?fit=200,200"
          />
          <div>
            Stock: 
            3
          </div>
          <div>
            $2.00
          </div>
          <button
            data-testid="3"
            disabled={true}
            id="3"
            onClick={[Function]}
          >
            Buy
          </button>
        </div>
      </div>
    </div>
    <div
      className="sc-eCImPb bMopAL"
    >
      <h1
        data-testid="credits"
      >
        Credits: $
        0.00
      </h1>
      <div
        className="sc-dkPtRN"
      >
        <form>
          <label>
            Input coin:
            <input
              data-testid="credit"
              onChange={[Function]}
              type="text"
            />
          </label>
          <button
            data-testid="addCredit"
            onClick={[Function]}
          >
            Drop
          </button>
        </form>
      </div>
    </div>
  </div>,
]
`;
